{
  "WeatherInfo": {
    "outsideTemperature": null,
    "solarIntensity": {
      "percentage": 0
    },
    "weatherState": {
      "value": ""
    }
  },
  "Zones": {
    "1": {
      "id": 1,
      "name": "foo",
      "type": "",
      "dateCreated": "0001-01-01T00:00:00Z",
      "deviceTypes": null,
      "devices": null,
      "reportAvailable": false,
      "showScheduleSetup": false,
      "supportsDazzle": false,
      "dazzleEnabled": false,
      "dazzleMode": {
        "supported": false,
        "enabled": false
      },
      "openWindowDetection": {
        "supported": false,
        "enabled": false,
        "timeoutInSeconds": 0
      }
    }
  },
  "ZoneInfo": {
    "1": {
      "tadoMode": "",
      "geolocationOverride": false,
      "geolocationOverrideDisableTime": null,
      "preparation": null,
      "setting": {
        "type": "",
        "power": "",
        "temperature": null
      },
      "overlayType": "",
      "overlay": {
        "type": "",
        "setting": {
          "type": "",
          "power": "",
          "temperature": null
        },
        "termination": {
          "type": "",
          "typeSkillBasedApp": "",
          "durationInSeconds": 0,
          "expiry": "0001-01-01T00:00:00Z",
          "remainingTimeInSeconds": 0,
          "projectedExpiry": "0001-01-01T00:00:00Z"
        }
      },
      "openwindow": {
        "detectedTime": "0001-01-01T00:00:00Z",
        "durationInSeconds": 0,
        "expiry": "0001-01-01T00:00:00Z",
        "remainingTimeInSeconds": 0
      },
      "nextScheduleChange": {
        "start": "0001-01-01T00:00:00Z",
        "setting": {
          "type": "",
          "power": "",
          "temperature": null
        }
      },
      "nextTimeBlock": {
        "start": "0001-01-01T00:00:00Z"
      },
      "link": {
        "state": ""
      },
      "activityDataPoints": {
        "heatingPower": {
          "percentage": 0
        }
      },
      "sensorDataPoints": {
        "insideTemperature": {
          "celsius": 22.0
        },
        "humidity": {
          "percentage": 0
        }
      }
    }
  },
  "UserInfo": null,
  "Home": false
}
