debug: true
port: 8080
interval: 5m0s
exporter:
    enabled: true
controller:
    enabled: true
    tadoBot:
        enabled: true
        token:
            value: "1234"
            envVar: TADO_TOKEN
    zones:
        - id: 1
          name: ""
          autoAway:
            enabled: true
            delay: 1h0m0s
            users:
                - id: 1
                  name: ""
                - id: 0
                  name: bar
          limitOverlay:
            enabled: true
            delay: 1h0m0s
          nightTime:
            enabled: true
            time:
                hour: 23
                minutes: 30
                seconds: 0
